../Core/Src/main.c:90:5:main	8	static
../Core/Src/main.c:153:6:SystemClock_Config	120	static
../Core/Src/main.c:211:13:MX_I2C1_Init	8	static
../Core/Src/main.c:259:13:MX_TIM2_Init	40	static
../Core/Src/main.c:304:13:MX_TIM3_Init	40	static
../Core/Src/main.c:349:13:MX_USART2_UART_Init	8	static
../Core/Src/main.c:397:13:MX_GPIO_Init	16	static
../Core/Src/main.c:413:5:__io_putchar	16	static
../Core/Src/main.c:418:6:TCA9548A_SelectChannel	32	static
../Core/Src/main.c:424:6:SendSerialData	24	static
../Core/Src/main.c:455:6:HAL_UART_RxCpltCallback	16	static
../Core/Src/main.c:466:6:HAL_TIM_PeriodElapsedCallback	16	static
../Core/Src/main.c:488:6:Error_Handler	4	static,ignoring_inline_asm
